Component: ARM Compiler 5.06 update 6 (build 750) Tool: armlink [4d35ed]

==============================================================================

Section Cross References

    main.o(.text) refers to delay.o(.text) for delay_init
    main.o(.text) refers to misc.o(.text) for NVIC_PriorityGroupConfig
    main.o(.text) refers to usart.o(.text) for uart_init
    main.o(.text) refers to led.o(.text) for LED_Init
    main.o(.text) refers to beep.o(.text) for BEEP_Init
    main.o(.text) refers to exti.o(.text) for EXTI4_Init
    main.o(.text) refers to rtc.o(.text) for RTC_Init
    main.o(.text) refers to usart3.o(.text) for usart3_init
    main.o(.text) refers to usart2.o(.text) for usart2_init
    main.o(.text) refers to lf125k.o(.text) for LF125K_init
    main.o(.text) refers to timer.o(.text) for TIM2_Int_Init
    main.o(.text) refers to esp8266.o(.text) for ESP8266_Init
    main.o(.text) refers to fun.o(.text) for Reset
    main.o(.text) refers to main.o(.data) for devSubtopic
    main.o(.data) refers to main.o(.conststring) for .conststring
    system_stm32f10x.o(.text) refers to system_stm32f10x.o(.data) for SystemCoreClock
    fun.o(.text) refers to esp8266.o(.text) for ESP8266_WaitRecive
    fun.o(.text) refers to printf8.o(i.__0printf$8) for __2printf
    fun.o(.text) refers to strcmp.o(.text) for strcmp
    fun.o(.text) refers to delay.o(.text) for delay_ms
    fun.o(.text) refers to rtc.o(.text) for RTC_Set
    fun.o(.text) refers to printf8.o(i.__0sprintf$8) for __2sprintf
    fun.o(.text) refers to lf125k.o(.text) for LF125K_read_1_page
    fun.o(.text) refers to key.o(.text) for KEY_Process
    fun.o(.text) refers to usart.o(.text) for SendReceiveData
    fun.o(.text) refers to lora.o(.text) for LoRa_ReceData
    fun.o(.text) refers to esp8266.o(.bss) for esp8266_buf
    fun.o(.text) refers to fun.o(.data) for id
    fun.o(.text) refers to main.o(.data) for status
    fun.o(.text) refers to rtc.o(.bss) for calendar
    fun.o(.text) refers to fun.o(.bss) for timereq
    fun.o(.text) refers to fun.o(.conststring) for .conststring
    fun.o(.text) refers to usart.o(.data) for USART_RX_STA
    fun.o(.data) refers to fun.o(.conststring) for .conststring
    led.o(.text) refers to stm32f10x_rcc.o(.text) for RCC_APB2PeriphClockCmd
    led.o(.text) refers to stm32f10x_gpio.o(.text) for GPIO_Init
    key.o(.text) refers to stm32f10x_rcc.o(.text) for RCC_APB2PeriphClockCmd
    key.o(.text) refers to stm32f10x_gpio.o(.text) for GPIO_Init
    key.o(.text) refers to delay.o(.text) for delay_ms
    key.o(.text) refers to memseta.o(.text) for __aeabi_memclr
    key.o(.text) refers to printf8.o(i.__0printf$8) for __2printf
    key.o(.text) refers to printf8.o(i.__0sprintf$8) for __2sprintf
    key.o(.text) refers to esp8266.o(.text) for esp8266_Publish
    key.o(.text) refers to key.o(.data) for key_up
    key.o(.text) refers to fun.o(.bss) for machine
    key.o(.text) refers to fun.o(.data) for hum
    key.o(.text) refers to main.o(.data) for status
    key.o(.text) refers to rtc.o(.bss) for calendar
    key.o(.text) refers to key.o(.conststring) for .conststring
    beep.o(.text) refers to stm32f10x_rcc.o(.text) for RCC_APB2PeriphClockCmd
    beep.o(.text) refers to stm32f10x_gpio.o(.text) for GPIO_Init
    exti.o(.text) refers to key.o(.text) for KEY_Init
    exti.o(.text) refers to stm32f10x_rcc.o(.text) for RCC_APB2PeriphClockCmd
    exti.o(.text) refers to stm32f10x_gpio.o(.text) for GPIO_EXTILineConfig
    exti.o(.text) refers to stm32f10x_exti.o(.text) for EXTI_Init
    exti.o(.text) refers to misc.o(.text) for NVIC_Init
    exti.o(.text) refers to delay.o(.text) for delay_ms
    timer.o(.text) refers to stm32f10x_tim.o(.text) for TIM_SetCounter
    timer.o(.text) refers to stm32f10x_rcc.o(.text) for RCC_APB1PeriphClockCmd
    timer.o(.text) refers to misc.o(.text) for NVIC_Init
    timer.o(.text) refers to usart3.o(.data) for USART3_RX_STA
    timer.o(.text) refers to systick.o(.data) for jiffies
    usart3.o(.text) refers to stm32f10x_usart.o(.text) for USART_GetITStatus
    usart3.o(.text) refers to stm32f10x_tim.o(.text) for TIM_SetCounter
    usart3.o(.text) refers to stm32f10x_rcc.o(.text) for RCC_APB2PeriphClockCmd
    usart3.o(.text) refers to stm32f10x_gpio.o(.text) for GPIO_Init
    usart3.o(.text) refers to misc.o(.text) for NVIC_Init
    usart3.o(.text) refers to timer.o(.text) for TIM3_Int_Init
    usart3.o(.text) refers to printfa.o(i.__0vsprintf) for __c89vsprintf
    usart3.o(.text) refers to strlen.o(.text) for strlen
    usart3.o(.text) refers to usart3.o(.data) for USART3_RX_STA
    usart3.o(.text) refers to lora.o(.data) for Lora_mode
    usart3.o(.text) refers to usart3.o(.bss) for USART3_RX_BUF
    lora.o(.text) refers to memcpya.o(.text) for __aeabi_memcpy4
    lora.o(.text) refers to usart3.o(.text) for u3_printf
    lora.o(.text) refers to printf8.o(i.__0printf$8) for __2printf
    lora.o(.text) refers to esp8266.o(.text) for USER_GetJsonValue
[...]
    printfa.o(i._fp_digits) refers to ddiv.o(.text) for __aeabi_ddiv
    printfa.o(i._fp_digits) refers to cdrcmple.o(.text) for __aeabi_cdrcmple
    printfa.o(i._fp_digits) refers to dadd.o(.text) for __aeabi_dadd
    printfa.o(i._fp_digits) refers to dfixul.o(.text) for __aeabi_d2ulz
    printfa.o(i._fp_digits) refers to uldiv.o(.text) for __aeabi_uldivmod
    printfa.o(i._printf_core) refers (Special) to iusefp.o(.text) for __I$use$fp
    printfa.o(i._printf_core) refers to printfa.o(i._printf_pre_padding) for _printf_pre_padding
    printfa.o(i._printf_core) refers to uldiv.o(.text) for __aeabi_uldivmod
    printfa.o(i._printf_core) refers to printfa.o(i._printf_post_padding) for _printf_post_padding
    printfa.o(i._printf_core) refers to printfa.o(i._fp_digits) for _fp_digits
    printfa.o(i._printf_core) refers to uidiv.o(.text) for __aeabi_uidivmod
    printfa.o(i._printf_post_padding) refers (Special) to iusefp.o(.text) for __I$use$fp
    printfa.o(i._printf_pre_padding) refers (Special) to iusefp.o(.text) for __I$use$fp
    printfa.o(i._snputc) refers (Special) to iusefp.o(.text) for __I$use$fp
    printfa.o(i._sputc) refers (Special) to iusefp.o(.text) for __I$use$fp
    entry2.o(.ARM.Collect$$$$00000001) refers to entry2.o(.ARM.Collect$$$$00002712) for __lit__00000000
    entry2.o(.ARM.Collect$$$$00002712) refers to startup_stm32f10x_hd.o(STACK) for __initial_sp
    entry2.o(__vectab_stack_and_reset_area) refers to startup_stm32f10x_hd.o(STACK) for __initial_sp
    entry2.o(__vectab_stack_and_reset_area) refers to entry.o(.ARM.Collect$$$$00000000) for __main
    entry5.o(.ARM.Collect$$$$00000004) refers to init.o(.text) for __scatterload
    entry9a.o(.ARM.Collect$$$$0000000B) refers to main.o(.text) for main
    entry9b.o(.ARM.Collect$$$$0000000C) refers to main.o(.text) for main
    uldiv.o(.text) refers to llushr.o(.text) for __aeabi_llsr
    uldiv.o(.text) refers to llshl.o(.text) for __aeabi_llsl
    dadd.o(.text) refers to llshl.o(.text) for __aeabi_llsl
    dadd.o(.text) refers to llsshr.o(.text) for __aeabi_lasr
    dadd.o(.text) refers to depilogue.o(.text) for _double_epilogue
    dmul.o(.text) refers to depilogue.o(.text) for _double_epilogue
    ddiv.o(.text) refers to depilogue.o(.text) for _double_round
    dfixul.o(.text) refers to llushr.o(.text) for __aeabi_llsr
    dfixul.o(.text) refers to llshl.o(.text) for __aeabi_llsl
    init.o(.text) refers to entry5.o(.ARM.Collect$$$$00000004) for __main_after_scatterload
    depilogue.o(.text) refers to llshl.o(.text) for __aeabi_llsl
    depilogue.o(.text) refers to llushr.o(.text) for __aeabi_llsr


==============================================================================

Removing Unused input sections from the image.

    Removing timer.o(.constdata), (2 bytes).
    Removing lora.o(.bss), (256 bytes).
    Removing sys.o(.emb_text), (6 bytes).
    Removing sys.o(.text), (12 bytes).
    Removing core_cm3.o(.emb_text), (32 bytes).
    Removing startup_stm32f10x_hd.o(HEAP), (512 bytes).

6 unused section(s) (total 820 bytes) removed from the image.

==============================================================================

Image Symbol Table

    Local Symbols

    Symbol Name                              Value     Ov Type        Size  Object(Section)

    ../clib/microlib/division.c              0x00000000   Number         0  uidiv.o ABSOLUTE
    ../clib/microlib/division.c              0x00000000   Number         0  uldiv.o ABSOLUTE
    ../clib/microlib/init/entry.s            0x00000000   Number         0  entry10b.o ABSOLUTE
    ../clib/microlib/init/entry.s            0x00000000   Number         0  entry2.o ABSOLUTE
    ../clib/microlib/init/entry.s            0x00000000   Number         0  entry11a.o ABSOLUTE
    ../clib/microlib/init/entry.s            0x00000000   Number         0  entry5.o ABSOLUTE
    ../clib/microlib/init/entry.s            0x00000000   Number         0  entry11b.o ABSOLUTE
    ../clib/microlib/init/entry.s            0x00000000   Number         0  entry7a.o ABSOLUTE
    ../clib/microlib/init/entry.s            0x00000000   Number         0  entry7b.o ABSOLUTE
    ../clib/microlib/init/entry.s            0x00000000   Number         0  entry8a.o ABSOLUTE
    ../clib/microlib/init/entry.s            0x00000000   Number         0  entry8b.o ABSOLUTE
    ../clib/microlib/init/entry.s            0x00000000   Number         0  entry9a.o ABSOLUTE
    ../clib/microlib/init/entry.s            0x00000000   Number         0  entry9b.o ABSOLUTE
    ../clib/microlib/init/entry.s            0x00000000   Number         0  entry10a.o ABSOLUTE
    ../clib/microlib/init/entry.s            0x00000000   Number         0  entry.o ABSOLUTE
    ../clib/microlib/longlong.c              0x00000000   Number         0  llshl.o ABSOLUTE
    ../clib/microlib/longlong.c              0x00000000   Number         0  llsshr.o ABSOLUTE
    ../clib/microlib/longlong.c              0x00000000   Number         0  llushr.o ABSOLUTE
    ../clib/microlib/printf/printf.c         0x00000000   Number         0  printfa.o ABSOLUTE
    ../clib/microlib/printf/printf.c         0x00000000   Number         0  printf4.o ABSOLUTE
    ../clib/microlib/printf/printf.c         0x00000000   Number         0  printf3.o ABSOLUTE
    ../clib/microlib/printf/printf.c         0x00000000   Number         0  printf2.o ABSOLUTE
    ../clib/microlib/printf/printf.c         0x00000000   Number         0  printf1.o ABSOLUTE
    ../clib/microlib/printf/printf.c         0x00000000   Number         0  printf6.o ABSOLUTE
    ../clib/microlib/printf/printf.c         0x00000000   Number         0  printfb.o ABSOLUTE
    ../clib/microlib/printf/printf.c         0x00000000   Number         0  printf5.o ABSOLUTE
    ../clib/microlib/printf/printf.c         0x00000000   Number         0  printf7.o ABSOLUTE
    ../clib/microlib/printf/printf.c         0x00000000   Number         0  printf0.o ABSOLUTE
    ../clib/microlib/printf/printf.c         0x00000000   Number         0  printf8.o ABSOLUTE
    ../clib/microlib/printf/stubs.s          0x00000000   Number         0  stubs.o ABSOLUTE
    ../clib/microlib/string/memcmp.c         0x00000000   Number         0  memcmp.o ABSOLUTE
    ../clib/microlib/string/memcpy.c         0x00000000   Number         0  memcpya.o ABSOLUTE
    ../clib/microlib/string/memcpy.c         0x00000000   Number         0  memcpyb.o ABSOLUTE
    ../clib/microlib/string/memset.c         0x00000000   Number         0  memseta.o ABSOLUTE
    ../clib/microlib/string/strchr.c         0x00000000   Number         0  strchr.o ABSOLUTE
    ../clib/microlib/string/strcmp.c         0x00000000   Number         0  strcmp.o ABSOLUTE
    ../clib/microlib/string/strlen.c         0x00000000   Number         0  strlen.o ABSOLUTE
    ../clib/microlib/string/strstr.c         0x00000000   Number         0  strstr.o ABSOLUTE
    ../clib/microlib/stubs.s                 0x00000000   Number         0  useno.o ABSOLUTE
    ../clib/microlib/stubs.s                 0x00000000   Number         0  iusefp.o ABSOLUTE
    ../fplib/microlib/fpadd.c                0x00000000   Number         0  dadd.o ABSOLUTE
    ../fplib/microlib/fpdiv.c                0x00000000   Number         0  ddiv.o ABSOLUTE
    ../fplib/microlib/fpepilogue.c           0x00000000   Number         0  depilogue.o ABSOLUTE
    ../fplib/microlib/fpfix.c                0x00000000   Number         0  dfixul.o ABSOLUTE
    ../fplib/microlib/fpmul.c                0x00000000   Number         0  dmul.o ABSOLUTE
    ..\CORE\core_cm3.c                       0x00000000   Number         0  core_cm3.o ABSOLUTE
    ..\CORE\startup_stm32f10x_hd.s           0x00000000   Number         0  startup_stm32f10x_hd.o ABSOLUTE
    ..\HARDWARE\BEEP\beep.c                  0x00000000   Number         0  beep.o ABSOLUTE
    ..\HARDWARE\EXTI\exti.c                  0x00000000   Number         0  exti.o ABSOLUTE
    ..\HARDWARE\KEY\key.c                    0x00000000   Number         0  key.o ABSOLUTE
    ..\HARDWARE\LED\led.c                    0x00000000   Number         0  led.o ABSOLUTE
    ..\HARDWARE\LF125\lf125k.c               0x00000000   Number         0  lf125k.o ABSOLUTE
    ..\HARDWARE\LF125\systick.c              0x00000000   Number         0  systick.o ABSOLUTE
    ..\HARDWARE\Lora\lora.c                  0x00000000   Number         0  lora.o ABSOLUTE
    ..\HARDWARE\RTC\rtc.c                    0x00000000   Number         0  rtc.o ABSOLUTE
    ..\HARDWARE\TIMER\timer.c                0x00000000   Number         0  timer.o ABSOLUTE
    ..\HARDWARE\USART2\usart2.c              0x00000000   Number         0  usart2.o ABSOLUTE
    ..\HARDWARE\USART3\usart3.c              0x00000000   Number         0  usart3.o ABSOLUTE
    ..\HARDWARE\wifi_esp8622\esp8266.c       0x00000000   Number         0  esp8266.o ABSOLUTE
    ..\STM32F10x_FWLib\src\misc.c            0x00000000   Number         0  misc.o ABSOLUTE
    ..\STM32F10x_FWLib\src\stm32f10x_bkp.c   0x00000000   Number         0  stm32f10x_bkp.o ABSOLUTE
    ..\STM32F10x_FWLib\src\stm32f10x_exti.c  0x00000000   Number         0  stm32f10x_exti.o ABSOLUTE
    ..\STM32F10x_FWLib\src\stm32f10x_gpio.c  0x00000000   Number         0  stm32f10x_gpio.o ABSOLUTE
    ..\STM32F10x_FWLib\src\stm32f10x_pwr.c   0x00000000   Number         0  stm32f10x_pwr.o ABSOLUTE
    ..\STM32F10x_FWLib\src\stm32f10x_rcc.c   0x00000000   Number         0  stm32f10x_rcc.o ABSOLUTE
    ..\STM32F10x_FWLib\src\stm32f10x_rtc.c   0x00000000   Number         0  stm32f10x_rtc.o ABSOLUTE
    ..\STM32F10x_FWLib\src\stm32f10x_tim.c   0x00000000   Number         0  stm32f10x_tim.o ABSOLUTE
    ..\STM32F10x_FWLib\src\stm32f10x_usart.c 0x00000000   Number         0  stm32f10x_usart.o ABSOLUTE
    ..\SYSTEM\delay\delay.c                  0x00000000   Number         0  delay.o ABSOLUTE
    ..\SYSTEM\sys\sys.c                      0x00000000   Number         0  sys.o ABSOLUTE
    ..\SYSTEM\usart\usart.c                  0x00000000   Number         0  usart.o ABSOLUTE
    ..\\CORE\\core_cm3.c                     0x00000000   Number         0  core_cm3.o ABSOLUTE
    ..\\SYSTEM\\sys\\sys.c                   0x00000000   Number         0  sys.o ABSOLUTE
    cdrcmple.s                               0x00000000   Number         0  cdrcmple.o ABSOLUTE
    dc.s                                     0x00000000   Number         0  dc.o ABSOLUTE
    fun.c                                    0x00000000   Number         0  fun.o ABSOLUTE
    handlers.s                               0x00000000   Number         0  handlers.o ABSOLUTE
    init.s                                   0x00000000   Number         0  init.o ABSOLUTE
    main.c                                   0x00000000   Number         0  main.o ABSOLUTE
    stm32f10x_it.c                           0x00000000   Number         0  stm32f10x_it.o ABSOLUTE
    system_stm32f10x.c                       0x00000000   Number         0  system_stm32f10x.o ABSOLUTE
    RESET                                    0x08000000   Section      304  startup_stm32f10x_hd.o(RESET)
    .ARM.Collect$$$$00000000                 0x08000130   Section        0  entry.o(.ARM.Collect$$$$00000000)
    .ARM.Collect$$$$00000001                 0x08000130   Section        4  entry2.o(.ARM.Collect$$$$00000001)
    .ARM.Collect$$$$00000004                 0x08000134   Section        4  entry5.o(.ARM.Collect$$$$00000004)
    .ARM.Collect$$$$00000008                 0x08000138   Section        0  entry7b.o(.ARM.Collect$$$$00000008)
    .ARM.Collect$$$$0000000A                 0x08000138   Section        0  entry8b.o(.ARM.Collect$$$$0000000A)
    .ARM.Collect$$$$0000000B                 0x08000138   Section        8  entry9a.o(.ARM.Collect$$$$0000000B)
    .ARM.Collect$$$$0000000D                 0x08000140   Section        0  entry10a.o(.ARM.Collect$$$$0000000D)
    .ARM.Collect$$$$0000000F                 0x08000140   Section        0  entry11a.o(.ARM.Collect$$$$0000000F)
    .ARM.Collect$$$$00002712                 0x08000140   Section        4  entry2.o(.ARM.Collect$$$$00002712)
    __lit__00000000                          0x08000140   Data           4  entry2.o(.ARM.Collect$$$$00002712)
    .text                                    0x08000144   Section        0  main.o(.text)
    .text                                    0x08000238   Section        0  stm32f10x_it.o(.text)
    .text                                    0x08000250   Section        0  system_stm32f10x.o(.text)
    SetSysClockTo72                          0x08000251   Thumb Code   214  system_stm32f10x.o(.text)
    SetSysClock                              0x08000327   Thumb Code     8  system_stm32f10x.o(.text)
    .text                                    0x08000430   Section        0  fun.o(.text)
    .text                                    0x080008c8   Section        0  led.o(.text)
    .text                                    0x08000914   Section        0  key.o(.text)
    .text                                    0x08000bb0   Section        0  beep.o(.text)
    .text                                    0x08000be8   Section        0  exti.o(.text)
    .text                                    0x08000d10   Section        0  timer.o(.text)
    .text                                    0x08000e64   Section        0  usart3.o(.text)
    .text                                    0x08001010   Section        0  lora.o(.text)
    .text                                    0x080010dc   Section        0  usart2.o(.text)
    .text                                    0x08001200   Section        0  esp8266.o(.text)
    .text                                    0x08001788   Section        0  lf125k.o(.text)
    .text                                    0x08001ed8   Section        0  rtc.o(.text)
    RTC_NVIC_Config                          0x08001ed9   Thumb Code    32  rtc.o(.text)
    .text                                    0x08002350   Section        0  delay.o(.text)
    .text                                    0x0800243c   Section        0  usart.o(.text)
    .text                                    0x08002634   Section        0  systick.o(.text)
    .text                                    0x080026d4   Section       36  startup_stm32f10x_hd.o(.text)
    .text                                    0x080026f8   Section        0  misc.o(.text)
    .text                                    0x080027d4   Section        0  stm32f10x_gpio.o(.text)
    .text                                    0x08002b30   Section        0  stm32f10x_rcc.o(.text)
    .text                                    0x08002ed4   Section        0  stm32f10x_usart.o(.text)
    .text                                    0x080032dc   Section        0  stm32f10x_exti.o(.text)
    .text                                    0x080033f8   Section        0  stm32f10x_tim.o(.text)
    TI4_Config                               0x0800389f   Thumb Code   130  stm32f10x_tim.o(.text)
    TI3_Config                               0x08003933   Thumb Code   122  stm32f10x_tim.o(.text)
    TI2_Config                               0x080039c7   Thumb Code   130  stm32f10x_tim.o(.text)
    TI1_Config                               0x08003a5b   Thumb Code   108  stm32f10x_tim.o(.text)
    .text                                    0x08004214   Section        0  stm32f10x_bkp.o(.text)
    .text                                    0x080042d8   Section        0  stm32f10x_rtc.o(.text)
    .text                                    0x08004420   Section        0  stm32f10x_pwr.o(.text)
    .text                                    0x080044ec   Section        0  memcpya.o(.text)
    .text                                    0x08004510   Section        0  memseta.o(.text)
    .text                                    0x08004534   Section        0  strstr.o(.text)
    .text                                    0x08004558   Section        0  strchr.o(.text)
    .text                                    0x0800456c   Section        0  strlen.o(.text)
    .text                                    0x0800457a   Section        0  strcmp.o(.text)
    .text                                    0x08004596   Section        0  memcmp.o(.text)
    .text                                    0x080045b0   Section        0  uidiv.o(.text)
    .text                                    0x080045dc   Section        0  uldiv.o(.text)
    .text                                    0x0800463e   Section        0  dadd.o(.text)
    .text                                    0x0800463e   Section        0  iusefp.o(.text)
    .text                                    0x0800478c   Section        0  dmul.o(.text)
    .text                                    0x08004870   Section        0  ddiv.o(.text)
    .text                                    0x0800494e   Section        0  dfixul.o(.text)
    .text                                    0x08004980   Section       48  cdrcmple.o(.text)
    .text                                    0x080049b0   Section       36  init.o(.text)
    .text                                    0x080049d4   Section        0  llshl.o(.text)
    .text                                    0x080049f2   Section        0  llushr.o(.text)
    .text                                    0x08004a12   Section        0  llsshr.o(.text)
    .text                                    0x08004a36   Section        0  depilogue.o(.text)
    i.__0printf$8                            0x08004af0   Section        0  printf8.o(i.__0printf$8)
    i.__0sprintf$8                           0x08004b10   Section        0  printf8.o(i.__0sprintf$8)
    i.__0vsnprintf                           0x08004b38   Section        0  printfa.o(i.__0vsnprintf)
    i.__0vsprintf                            0x08004b64   Section        0  printfa.o(i.__0vsprintf)
    i.__scatterload_copy                     0x08004b88   Section       14  handlers.o(i.__scatterload_copy)
    i.__scatterload_null                     0x08004b96   Section        2  handlers.o(i.__scatterload_null)
    i.__scatterload_zeroinit                 0x08004b98   Section       14  handlers.o(i.__scatterload_zeroinit)
    i._fp_digits                             0x08004ba8   Section        0  printfa.o(i._fp_digits)
    _fp_digits                               0x08004ba9   Thumb Code   366  printfa.o(i._fp_digits)
    i._printf_core                           0x08004d2c   Section        0  printf8.o(i._printf_core)
    _printf_core                             0x08004d2d   Thumb Code   996  printf8.o(i._printf_core)
    i._printf_core                           0x0800513c   Section        0  printfa.o(i._printf_core)
    _printf_core                             0x0800513d   Thumb Code  1744  printfa.o(i._printf_core)
    i._printf_post_padding                   0x08005818   Section        0  printf8.o(i._printf_post_padding)
    _printf_post_padding                     0x08005819   Thumb Code    36  printf8.o(i._printf_post_padding)
    i._printf_post_padding                   0x0800583c   Section        0  printfa.o(i._printf_post_padding)
    _printf_post_padding                     0x0800583d   Thumb Code    36  printfa.o(i._printf_post_padding)
    i._printf_pre_padding                    0x08005860   Section        0  printf8.o(i._printf_pre_padding)
    _printf_pre_padding                      0x08005861   Thumb Code    46  printf8.o(i._printf_pre_padding)
    i._printf_pre_padding                    0x0800588e   Section        0  printfa.o(i._printf_pre_padding)
    _printf_pre_padding                      0x0800588f   Thumb Code    46  printfa.o(i._printf_pre_padding)
    i._snputc                                0x080058bc   Section        0  printfa.o(i._snputc)
    _snputc                                  0x080058bd   Thumb Code    22  printfa.o(i._snputc)
    i._sputc                                 0x080058d2   Section        0  printf8.o(i._sputc)
    _sputc                                   0x080058d3   Thumb Code    10  printf8.o(i._sputc)
    i._sputc                                 0x080058dc   Section        0  printfa.o(i._sputc)
    _sputc                                   0x080058dd   Thumb Code    10  printfa.o(i._sputc)
    .constdata                               0x080058e8   Section      256  lora.o(.constdata)
    .constdata                               0x080059e8   Section       24  rtc.o(.constdata)
    .conststring                             0x08005a00   Section       35  main.o(.conststring)
    .conststring                             0x08005a24   Section      114  fun.o(.conststring)
    .conststring                             0x08005a98   Section      182  key.o(.conststring)
    .data                                    0x20000000   Section       20  main.o(.data)
    .data                                    0x20000014   Section       20  system_stm32f10x.o(.data)
    .data                                    0x20000028   Section       24  fun.o(.data)
    syear                                    0x20000034   Data           2  fun.o(.data)
    smon                                     0x20000036   Data           1  fun.o(.data)
    sday                                     0x20000037   Data           1  fun.o(.data)
    hour                                     0x20000038   Data           1  fun.o(.data)
    min                                      0x20000039   Data           1  fun.o(.data)
    sec                                      0x2000003a   Data           1  fun.o(.data)
    .data                                    0x20000040   Section        5  key.o(.data)
    key_up                                   0x20000044   Data           1  key.o(.data)
    .data                                    0x20000046   Section        4  usart3.o(.data)
    .data                                    0x2000004c   Section       16  lora.o(.data)
    .data                                    0x2000005c   Section        2  usart2.o(.data)
    .data                                    0x2000005e   Section        4  esp8266.o(.data)
    .data                                    0x20000062   Section        8  lf125k.o(.data)
    .data                                    0x2000006a   Section        2  rtc.o(.data)
    daycnt                                   0x2000006a   Data           2  rtc.o(.data)
    .data                                    0x2000006c   Section        4  delay.o(.data)
    fac_us                                   0x2000006c   Data           1  delay.o(.data)
    fac_ms                                   0x2000006e   Data           2  delay.o(.data)
    .data                                    0x20000070   Section        6  usart.o(.data)
    .data                                    0x20000078   Section        4  systick.o(.data)
    .data                                    0x2000007c   Section       20  stm32f10x_rcc.o(.data)
    APBAHBPrescTable                         0x2000007c   Data          16  stm32f10x_rcc.o(.data)
    ADCPrescTable                            0x2000008c   Data           4  stm32f10x_rcc.o(.data)
    .bss                                     0x20000090   Section      275  fun.o(.bss)
    .bss                                     0x200001a4   Section     1640  usart3.o(.bss)
    .bss                                     0x2000080c   Section     1640  usart2.o(.bss)
    .bss                                     0x20000e74   Section      300  esp8266.o(.bss)
    temp                                     0x20000f3c   Data         100  esp8266.o(.bss)
    .bss                                     0x20000fa0   Section       10  rtc.o(.bss)
    .bss                                     0x20000faa   Section      200  usart.o(.bss)
    STACK                                    0x20001078   Section     1024  startup_stm32f10x_hd.o(STACK)

    Global Symbols

    Symbol Name                              Value     Ov Type        Size  Object(Section)

    BuildAttributes$$THM_ISAv4$P$D$K$B$S$PE$A:L22UL41UL21$X:L11$S22US41US21$IEEE1$IW$USESV6$~STKCKD$USESV7$~SHL$OSPACE$ROPI$EBA8$MICROLIB$REQ8$PRES8$EABIv2 0x00000000   Number         0  anon$$obj.o ABSOLUTE
    __ARM_use_no_argv                        0x00000000   Number         0  main.o ABSOLUTE
    __use_no_errno                           0x00000000   Number         0  useno.o ABSOLUTE
    __use_no_exception_handling              0x00000000   Number         0  useno.o ABSOLUTE
    __use_no_fp                              0x00000000   Number         0  useno.o ABSOLUTE
    __use_no_heap                            0x00000000   Number         0  useno.o ABSOLUTE
    __use_no_heap_region                     0x00000000   Number         0  useno.o ABSOLUTE
    __use_no_semihosting                     0x00000000   Number         0  useno.o ABSOLUTE
    __use_no_semihosting_swi                 0x00000000   Number         0  useno.o ABSOLUTE
    __use_no_signal_handling                 0x00000000   Number         0  useno.o ABSOLUTE
    _printf_a                                0x00000000   Number         0  stubs.o ABSOLUTE
    _printf_c                                0x00000000   Number         0  stubs.o ABSOLUTE
    _printf_charcount                        0x00000000   Number         0  stubs.o ABSOLUTE
    _printf_d                                0x00000000   Number         0  stubs.o ABSOLUTE
    _printf_e                                0x00000000   Number         0  stubs.o ABSOLUTE
    _printf_f                                0x00000000   Number         0  stubs.o ABSOLUTE
    _printf_flags                            0x00000000   Number         0  stubs.o ABSOLUTE
    _printf_fp_dec                           0x00000000   Number         0  stubs.o ABSOLUTE
    _printf_fp_hex                           0x00000000   Number         0  stubs.o ABSOLUTE
    _printf_g                                0x00000000   Number         0  stubs.o ABSOLUTE
    _printf_i                                0x00000000   Number         0  stubs.o ABSOLUTE
    _printf_int_dec                          0x00000000   Number         0  stubs.o ABSOLUTE
    _printf_l                                0x00000000   Number         0  stubs.o ABSOLUTE
    _printf_lc                               0x00000000   Number         0  stubs.o ABSOLUTE
    _printf_ll                               0x00000000   Number         0  stubs.o ABSOLUTE
    _printf_lld                              0x00000000   Number         0  stubs.o ABSOLUTE
    _printf_lli                              0x00000000   Number         0  stubs.o ABSOLUTE
    _printf_llo                              0x00000000   Number         0  stubs.o ABSOLUTE
    _printf_llu                              0x00000000   Number         0  stubs.o ABSOLUTE
    _printf_llx                              0x00000000   Number         0  stubs.o ABSOLUTE
    _printf_longlong_dec                     0x00000000   Number         0  stubs.o ABSOLUTE
    _printf_longlong_hex                     0x00000000   Number         0  stubs.o ABSOLUTE
    _printf_longlong_oct                     0x00000000   Number         0  stubs.o ABSOLUTE
    _printf_ls                               0x00000000   Number         0  stubs.o ABSOLUTE
    _printf_mbtowc                           0x00000000   Number         0  stubs.o ABSOLUTE
    _printf_n                                0x00000000   Number         0  stubs.o ABSOLUTE
    _printf_o                                0x00000000   Number         0  stubs.o ABSOLUTE
    _printf_p                                0x00000000   Number         0  stubs.o ABSOLUTE
    _printf_percent                          0x00000000   Number         0  stubs.o ABSOLUTE
    _printf_pre_padding                      0x00000000   Number         0  stubs.o ABSOLUTE
    _printf_return_value                     0x00000000   Number         0  stubs.o ABSOLUTE
    _printf_s                                0x00000000   Number         0  stubs.o ABSOLUTE
    _printf_sizespec                         0x00000000   Number         0  stubs.o ABSOLUTE
    _printf_str                              0x00000000   Number         0  stubs.o ABSOLUTE
    _printf_truncate_signed                  0x00000000   Number         0  stubs.o ABSOLUTE
    _printf_truncate_unsigned                0x00000000   Number         0  stubs.o ABSOLUTE
    _printf_u                                0x00000000   Number         0  stubs.o ABSOLUTE
    _printf_wc                               0x00000000   Number         0  stubs.o ABSOLUTE
    _printf_wctomb                           0x00000000   Number         0  stubs.o ABSOLUTE
    _printf_widthprec                        0x00000000   Number         0  stubs.o ABSOLUTE
    _printf_x                                0x00000000   Number         0  stubs.o ABSOLUTE
    __cpp_initialize__aeabi_                  - Undefined Weak Reference
    __cxa_finalize                            - Undefined Weak Reference
    __decompress                              - Undefined Weak Reference
    _clock_init                               - Undefined Weak Reference
    _microlib_exit                            - Undefined Weak Reference
    __Vectors_Size                           0x00000130   Number         0  startup_stm32f10x_hd.o ABSOLUTE
    __Vectors                                0x08000000   Data           4  startup_stm32f10x_hd.o(RESET)
    __Vectors_End                            0x08000130   Data           0  startup_stm32f10x_hd.o(RESET)
    __main                                   0x08000131   Thumb Code     0  entry.o(.ARM.Collect$$$$00000000)
    _main_stk                                0x08000131   Thumb Code     0  entry2.o(.ARM.Collect$$$$00000001)
    _main_scatterload                        0x08000135   Thumb Code     0  entry5.o(.ARM.Collect$$$$00000004)
    __main_after_scatterload                 0x08000139   Thumb Code     0  entry5.o(.ARM.Collect$$$$00000004)
    _main_clock                              0x08000139   Thumb Code     0  entry7b.o(.ARM.Collect$$$$00000008)
    _main_cpp_init                           0x08000139   Thumb Code     0  entry8b.o(.ARM.Collect$$$$0000000A)
    _main_init                               0x08000139   Thumb Code     0  entry9a.o(.ARM.Collect$$$$0000000B)
    __rt_final_cpp                           0x08000141   Thumb Code     0  entry10a.o(.ARM.Collect$$$$0000000D)
    __rt_final_exit                          0x08000141   Thumb Code     0  entry11a.o(.ARM.Collect$$$$0000000F)
    main                                     0x08000145   Thumb Code   224  main.o(.text)
    NMI_Handler                              0x08000239   Thumb Code     2  stm32f10x_it.o(.text)
    HardFault_Handler                        0x0800023b   Thumb Code     4  stm32f10x_it.o(.text)
    MemManage_Handler                        0x0800023f   Thumb Code     4  stm32f10x_it.o(.text)
    BusFault_Handler                         0x08000243   Thumb Code     4  stm32f10x_it.o(.text)
    UsageFault_Handler                       0x08000247   Thumb Code     4  stm32f10x_it.o(.text)
    SVC_Handler                              0x0800024b   Thumb Code     2  stm32f10x_it.o(.text)
    DebugMon_Handler                         0x0800024d   Thumb Code     2  stm32f10x_it.o(.text)
    PendSV_Handler                           0x0800024f   Thumb Code     2  stm32f10x_it.o(.text)
    SystemInit                               0x0800032f   Thumb Code    78  system_stm32f10x.o(.text)
    SystemCoreClockUpdate                    0x0800037d   Thumb Code   142  system_stm32f10x.o(.text)
    Machine_Process                          0x08000431   Thumb Code   196  fun.o(.text)
    TimeDaySet                               0x080004f5   Thumb Code   138  fun.o(.text)
    TimeYearSet                              0x0800057f   Thumb Code    46  fun.o(.text)
    Reset                                    0x080005ad   Thumb Code   184  fun.o(.text)
    Pause                                    0x08000665   Thumb Code   120  fun.o(.text)
    Running                                  0x080006dd   Thumb Code   196  fun.o(.text)
    LED_Init                                 0x080008c9   Thumb Code    68  led.o(.text)
    KEY_Init                                 0x08000915   Thumb Code    52  key.o(.text)
    KEY_Scan                                 0x08000949   Thumb Code   150  key.o(.text)
    KEY_Process                              0x080009df   Thumb Code   224  key.o(.text)
    BEEP_Init                                0x08000bb1   Thumb Code    50  beep.o(.text)
    EXTI4_Init                               0x08000be9   Thumb Code    78  exti.o(.text)
    EXTI3_Init                               0x08000c37   Thumb Code    74  exti.o(.text)
    EXTI0_IRQHandler                         0x08000c81   Thumb Code    44  exti.o(.text)
    EXTI3_IRQHandler                         0x08000cad   Thumb Code    42  exti.o(.text)
    EXTI4_IRQHandler                         0x08000cd7   Thumb Code    42  exti.o(.text)
    TIM3_SetARR                              0x08000d11   Thumb Code    36  timer.o(.text)
    TIM3_IRQHandler                          0x08000d35   Thumb Code    42  timer.o(.text)
    TIM3_Int_Init                            0x08000d5f   Thumb Code    90  timer.o(.text)
    TIM2_SetARR                              0x08000db9   Thumb Code    38  timer.o(.text)
    TIM2_IRQHandler                          0x08000ddf   Thumb Code    32  timer.o(.text)
    TIM2_Int_Init                            0x08000dff   Thumb Code    90  timer.o(.text)
    USART3_IRQHandler                        0x08000e65   Thumb Code   100  usart3.o(.text)
    usart3_init                              0x08000ec9   Thumb Code   178  usart3.o(.text)
    u3_printf                                0x08000f7b   Thumb Code    72  usart3.o(.text)
    usart3_rx                                0x08000fc3   Thumb Code    46  usart3.o(.text)
    LoRa_SendData                            0x08001011   Thumb Code    28  lora.o(.text)
    LoRa_ReceData                            0x0800102d   Thumb Code   114  lora.o(.text)
    Lora_Test                                0x0800109f   Thumb Code     2  lora.o(.text)
    usart2_init                              0x080010dd   Thumb Code   154  usart2.o(.text)
    u2_printf                                0x08001177   Thumb Code    72  usart2.o(.text)
    usart2_rx                                0x080011bf   Thumb Code    46  usart2.o(.text)
    ESP8266_Clear                            0x08001201   Thumb Code    18  esp8266.o(.text)
    ESP8266_WaitRecive                       0x08001213   Thumb Code    42  esp8266.o(.text)
    ESP8266_SendCmd                          0x0800123d   Thumb Code    84  esp8266.o(.text)
    ESP8266_SendData                         0x08001291   Thumb Code    46  esp8266.o(.text)
    ESP8266_GetIPD                           0x080012bf   Thumb Code    74  esp8266.o(.text)
    ESP8266_Init                             0x08001309   Thumb Code   306  esp8266.o(.text)
    USART2_IRQHandler                        0x0800143b   Thumb Code    62  esp8266.o(.text)
    esp8266_Subscribe                        0x08001479   Thumb Code    46  esp8266.o(.text)
    esp8266_Publish                          0x080014a7   Thumb Code    68  esp8266.o(.text)
    USER_GetJsonValue                        0x080014eb   Thumb Code   178  esp8266.o(.text)
    GPIO_LF125K_configuration                0x08001789   Thumb Code    58  lf125k.o(.text)
    GPIO_set_lf125k_clk                      0x080017c3   Thumb Code    30  lf125k.o(.text)
    GPIO_read_lf125k_data                    0x080017e1   Thumb Code    12  lf125k.o(.text)
    _nop_                                    0x080017ed   Thumb Code    14  lf125k.o(.text)
    LF125K_open_RF                           0x080017fb   Thumb Code    10  lf125k.o(.text)
    LF125K_close_RF                          0x08001805   Thumb Code    10  lf125k.o(.text)
    LF125K_init                              0x0800180f   Thumb Code    12  lf125k.o(.text)
    REM_Processing                           0x0800181b   Thumb Code   282  lf125k.o(.text)
    Data_Processing                          0x08001935   Thumb Code    64  lf125k.o(.text)
    write_od                                 0x08001975   Thumb Code   100  lf125k.o(.text)
    write_lock                               0x080019d9   Thumb Code    24  lf125k.o(.text)
    write_data                               0x080019f1   Thumb Code    52  lf125k.o(.text)
    write_add                                0x08001a25   Thumb Code   108  lf125k.o(.text)
    LF125K_read_1_page                       0x08001a91   Thumb Code    78  lf125k.o(.text)
    LF125K_demo                              0x08001adf   Thumb Code    92  lf125k.o(.text)
    LF125K_read_0_page                       0x08001b3b   Thumb Code   210  lf125k.o(.text)
    LF125K_write_0_page                      0x08001c0d   Thumb Code   124  lf125k.o(.text)
    LF125K_write_0_page_die                  0x08001c89   Thumb Code     6  lf125k.o(.text)
    LF125K_write_0_page_protect              0x08001c8f   Thumb Code   108  lf125k.o(.text)
    LF125K_read_0_page_protect               0x08001cfb   Thumb Code    70  lf125k.o(.text)
    Card_initialization                      0x08001d41   Thumb Code    62  lf125k.o(.text)
    LF125K_card_init1                        0x08001d7f   Thumb Code    44  lf125k.o(.text)
    LF125K_card_init                         0x08001dab   Thumb Code    62  lf125k.o(.text)
    LF125K_set_password                      0x08001de9   Thumb Code    44  lf125k.o(.text)
    LF125K_set_pwd                           0x08001e15   Thumb Code    62  lf125k.o(.text)
    LF125K_clear_pwd                         0x08001e53   Thumb Code    88  lf125k.o(.text)
    LF125K_get_cardid                        0x08001eab   Thumb Code    40  lf125k.o(.text)
    RTC_Get_Week                             0x08001ef9   Thumb Code   116  rtc.o(.text)
    Is_Leap_Year                             0x08001f6d   Thumb Code    58  rtc.o(.text)
    RTC_Get                                  0x08001fa7   Thumb Code   240  rtc.o(.text)
    RTC_Set                                  0x08002097   Thumb Code   184  rtc.o(.text)
    RTC_Init                                 0x0800214f   Thumb Code   192  rtc.o(.text)
    RTC_IRQHandler                           0x0800220f   Thumb Code    76  rtc.o(.text)
    RTC_Alarm_Set                            0x0800225b   Thumb Code   184  rtc.o(.text)
    delay_init                               0x08002351   Thumb Code    50  delay.o(.text)
    delay_us                                 0x08002383   Thumb Code    72  delay.o(.text)
    delay_ms                                 0x080023cb   Thumb Code    72  delay.o(.text)
    delay_10ms                               0x08002413   Thumb Code    24  delay.o(.text)
    _sys_exit                                0x0800243d   Thumb Code     4  usart.o(.text)
    fputc                                    0x08002441   Thumb Code    24  usart.o(.text)
    uart_init                                0x08002459   Thumb Code   152  usart.o(.text)
    SendReceiveData                          0x080024f1   Thumb Code    40  usart.o(.text)
    USART1_IRQHandler                        0x08002519   Thumb Code   122  usart.o(.text)
    UsartPrintf                              0x08002593   Thumb Code    72  usart.o(.text)
    Usart_SendString                         0x080025db   Thumb Code    50  usart.o(.text)
    SYSTICK_NVIC_Configuration               0x08002635   Thumb Code    34  systick.o(.text)
    SYSTICK_Configuration                    0x08002657   Thumb Code    34  systick.o(.text)
    SYSTICK_init                             0x08002679   Thumb Code     2  systick.o(.text)
    SYSTICK_IntDisable                       0x0800267b   Thumb Code    18  systick.o(.text)
    SYSTICK_IntEnable                        0x0800268d   Thumb Code    18  systick.o(.text)
    SYSTICK_ClearSystickVal                  0x0800269f   Thumb Code    10  systick.o(.text)
    SYSTICK_GetVal                           0x080026a9   Thumb Code     8  systick.o(.text)
    SYSTICK_Delay10ms                        0x080026b1   Thumb Code    22  systick.o(.text)
    SYSTICK_get_time                         0x080026c7   Thumb Code     6  systick.o(.text)
    SysTick_Handler                          0x080026cd   Thumb Code     2  systick.o(.text)
    Reset_Handler                            0x080026d5   Thumb Code     8  startup_stm32f10x_hd.o(.text)
    ADC1_2_IRQHandler                        0x080026ef   Thumb Code     0  startup_stm32f10x_hd.o(.text)
    ADC3_IRQHandler                          0x080026ef   Thumb Code     0  startup_stm32f10x_hd.o(.text)
    CAN1_RX1_IRQHandler                      0x080026ef   Thumb Code     0  startup_stm32f10x_hd.o(.text)
    CAN1_SCE_IRQHandler                      0x080026ef   Thumb Code     0  startup_stm32f10x_hd.o(.text)
    DMA1_Channel1_IRQHandler                 0x080026ef   Thumb Code     0  startup_stm32f10x_hd.o(.text)
    DMA1_Channel2_IRQHandler                 0x080026ef   Thumb Code     0  startup_stm32f10x_hd.o(.text)
    DMA1_Channel3_IRQHandler                 0x080026ef   Thumb Code     0  startup_stm32f10x_hd.o(.text)
    DMA1_Channel4_IRQHandler                 0x080026ef   Thumb Code     0  startup_stm32f10x_hd.o(.text)
    DMA1_Channel5_IRQHandler                 0x080026ef   Thumb Code     0  startup_stm32f10x_hd.o(.text)
    DMA1_Channel6_IRQHandler                 0x080026ef   Thumb Code     0  startup_stm32f10x_hd.o(.text)
    DMA1_Channel7_IRQHandler                 0x080026ef   Thumb Code     0  startup_stm32f10x_hd.o(.text)
    DMA2_Channel1_IRQHandler                 0x080026ef   Thumb Code     0  startup_stm32f10x_hd.o(.text)
    DMA2_Channel2_IRQHandler                 0x080026ef   Thumb Code     0  startup_stm32f10x_hd.o(.text)
    DMA2_Channel3_IRQHandler                 0x080026ef   Thumb Code     0  startup_stm32f10x_hd.o(.text)
    DMA2_Channel4_5_IRQHandler               0x080026ef   Thumb Code     0  startup_stm32f10x_hd.o(.text)
    EXTI15_10_IRQHandler                     0x080026ef   Thumb Code     0  startup_stm32f10x_hd.o(.text)
    EXTI1_IRQHandler                         0x080026ef   Thumb Code     0  startup_stm32f10x_hd.o(.text)
    EXTI2_IRQHandler                         0x080026ef   Thumb Code     0  startup_stm32f10x_hd.o(.text)
    EXTI9_5_IRQHandler                       0x080026ef   Thumb Code     0  startup_stm32f10x_hd.o(.text)
    FLASH_IRQHandler                         0x080026ef   Thumb Code     0  startup_stm32f10x_hd.o(.text)
    FSMC_IRQHandler                          0x080026ef   Thumb Code     0  startup_stm32f10x_hd.o(.text)
    I2C1_ER_IRQHandler                       0x080026ef   Thumb Code     0  startup_stm32f10x_hd.o(.text)
    I2C1_EV_IRQHandler                       0x080026ef   Thumb Code     0  startup_stm32f10x_hd.o(.text)
    I2C2_ER_IRQHandler                       0x080026ef   Thumb Code     0  startup_stm32f10x_hd.o(.text)
    I2C2_EV_IRQHandler                       0x080026ef   Thumb Code     0  startup_stm32f10x_hd.o(.text)
    PVD_IRQHandler                           0x080026ef   Thumb Code     0  startup_stm32f10x_hd.o(.text)
    RCC_IRQHandler                           0x080026ef   Thumb Code     0  startup_stm32f10x_hd.o(.text)
    RTCAlarm_IRQHandler                      0x080026ef   Thumb Code     0  startup_stm32f10x_hd.o(.text)
    SDIO_IRQHandler                          0x080026ef   Thumb Code     0  startup_stm32f10x_hd.o(.text)
    SPI1_IRQHandler                          0x080026ef   Thumb Code     0  startup_stm32f10x_hd.o(.text)
    SPI2_IRQHandler                          0x080026ef   Thumb Code     0  startup_stm32f10x_hd.o(.text)
    SPI3_IRQHandler                          0x080026ef   Thumb Code     0  startup_stm32f10x_hd.o(.text)
    TAMPER_IRQHandler                        0x080026ef   Thumb Code     0  startup_stm32f10x_hd.o(.text)
    TIM1_BRK_IRQHandler                      0x080026ef   Thumb Code     0  startup_stm32f10x_hd.o(.text)
    TIM1_CC_IRQHandler                       0x080026ef   Thumb Code     0  startup_stm32f10x_hd.o(.text)
    TIM1_TRG_COM_IRQHandler                  0x080026ef   Thumb Code     0  startup_stm32f10x_hd.o(.text)
    TIM1_UP_IRQHandler                       0x080026ef   Thumb Code     0  startup_stm32f10x_hd.o(.text)
    TIM4_IRQHandler                          0x080026ef   Thumb Code     0  startup_stm32f10x_hd.o(.text)
    TIM5_IRQHandler                          0x080026ef   Thumb Code     0  startup_stm32f10x_hd.o(.text)
    TIM6_IRQHandler                          0x080026ef   Thumb Code     0  startup_stm32f10x_hd.o(.text)
    TIM7_IRQHandler                          0x080026ef   Thumb Code     0  startup_stm32f10x_hd.o(.text)
    TIM8_BRK_IRQHandler                      0x080026ef   Thumb Code     0  startup_stm32f10x_hd.o(.text)
    TIM8_CC_IRQHandler                       0x080026ef   Thumb Code     0  startup_stm32f10x_hd.o(.text)
    TIM8_TRG_COM_IRQHandler                  0x080026ef   Thumb Code     0  startup_stm32f10x_hd.o(.text)
    TIM8_UP_IRQHandler                       0x080026ef   Thumb Code     0  startup_stm32f10x_hd.o(.text)
    UART4_IRQHandler                         0x080026ef   Thumb Code     0  startup_stm32f10x_hd.o(.text)
    UART5_IRQHandler                         0x080026ef   Thumb Code     0  startup_stm32f10x_hd.o(.text)
    USBWakeUp_IRQHandler                     0x080026ef   Thumb Code     0  startup_stm32f10x_hd.o(.text)
    USB_HP_CAN1_TX_IRQHandler                0x080026ef   Thumb Code     0  startup_stm32f10x_hd.o(.text)
    USB_LP_CAN1_RX0_IRQHandler               0x080026ef   Thumb Code     0  startup_stm32f10x_hd.o(.text)
    WWDG_IRQHandler                          0x080026ef   Thumb Code     0  startup_stm32f10x_hd.o(.text)
    NVIC_PriorityGroupConfig                 0x080026f9   Thumb Code    10  misc.o(.text)
    NVIC_Init                                0x08002703   Thumb Code   100  misc.o(.text)
    NVIC_SetVectorTable                      0x08002767   Thumb Code    14  misc.o(.text)
    NVIC_SystemLPConfig                      0x08002775   Thumb Code    34  misc.o(.text)
    SysTick_CLKSourceConfig                  0x08002797   Thumb Code    40  misc.o(.text)
    GPIO_DeInit                              0x080027d5   Thumb Code   172  stm32f10x_gpio.o(.text)
    GPIO_AFIODeInit                          0x08002881   Thumb Code    20  stm32f10x_gpio.o(.text)
    GPIO_Init                                0x08002895   Thumb Code   278  stm32f10x_gpio.o(.text)
    GPIO_StructInit                          0x080029ab   Thumb Code    16  stm32f10x_gpio.o(.text)
    GPIO_ReadInputDataBit                    0x080029bb   Thumb Code    18  stm32f10x_gpio.o(.text)
    GPIO_ReadInputData                       0x080029cd   Thumb Code     8  stm32f10x_gpio.o(.text)
    GPIO_ReadOutputDataBit                   0x080029d5   Thumb Code    18  stm32f10x_gpio.o(.text)
    GPIO_ReadOutputData                      0x080029e7   Thumb Code     8  stm32f10x_gpio.o(.text)
    GPIO_SetBits                             0x080029ef   Thumb Code     4  stm32f10x_gpio.o(.text)
    GPIO_ResetBits                           0x080029f3   Thumb Code     4  stm32f10x_gpio.o(.text)
    GPIO_WriteBit                            0x080029f7   Thumb Code    10  stm32f10x_gpio.o(.text)
    GPIO_Write                               0x08002a01   Thumb Code     4  stm32f10x_gpio.o(.text)
    GPIO_PinLockConfig                       0x08002a05   Thumb Code    18  stm32f10x_gpio.o(.text)
    GPIO_EventOutputConfig                   0x08002a17   Thumb Code    26  stm32f10x_gpio.o(.text)
    GPIO_EventOutputCmd                      0x08002a31   Thumb Code     6  stm32f10x_gpio.o(.text)
    GPIO_PinRemapConfig                      0x08002a37   Thumb Code   138  stm32f10x_gpio.o(.text)
    GPIO_EXTILineConfig                      0x08002ac1   Thumb Code    66  stm32f10x_gpio.o(.text)
    GPIO_ETH_MediaInterfaceConfig            0x08002b03   Thumb Code     8  stm32f10x_gpio.o(.text)
    RCC_DeInit                               0x08002b31   Thumb Code    64  stm32f10x_rcc.o(.text)
    RCC_HSEConfig                            0x08002b71   Thumb Code    70  stm32f10x_rcc.o(.text)
    RCC_GetFlagStatus                        0x08002bb7   Thumb Code    56  stm32f10x_rcc.o(.text)
    RCC_WaitForHSEStartUp                    0x08002bef   Thumb Code    56  stm32f10x_rcc.o(.text)
    RCC_AdjustHSICalibrationValue            0x08002c27   Thumb Code    20  stm32f10x_rcc.o(.text)
    RCC_HSICmd                               0x08002c3b   Thumb Code     6  stm32f10x_rcc.o(.text)
    RCC_PLLConfig                            0x08002c41   Thumb Code    24  stm32f10x_rcc.o(.text)
    RCC_PLLCmd                               0x08002c59   Thumb Code     6  stm32f10x_rcc.o(.text)
    RCC_SYSCLKConfig                         0x08002c5f   Thumb Code    18  stm32f10x_rcc.o(.text)
    RCC_GetSYSCLKSource                      0x08002c71   Thumb Code    10  stm32f10x_rcc.o(.text)
    RCC_HCLKConfig                           0x08002c7b   Thumb Code    18  stm32f10x_rcc.o(.text)
    RCC_PCLK1Config                          0x08002c8d   Thumb Code    18  stm32f10x_rcc.o(.text)
    RCC_PCLK2Config                          0x08002c9f   Thumb Code    20  stm32f10x_rcc.o(.text)
    RCC_ITConfig                             0x08002cb3   Thumb Code    26  stm32f10x_rcc.o(.text)
    RCC_USBCLKConfig                         0x08002ccd   Thumb Code     8  stm32f10x_rcc.o(.text)
    RCC_ADCCLKConfig                         0x08002cd5   Thumb Code    18  stm32f10x_rcc.o(.text)
    RCC_LSEConfig                            0x08002ce7   Thumb Code    50  stm32f10x_rcc.o(.text)
    RCC_LSICmd                               0x08002d19   Thumb Code     6  stm32f10x_rcc.o(.text)
    RCC_RTCCLKConfig                         0x08002d1f   Thumb Code    12  stm32f10x_rcc.o(.text)
    RCC_RTCCLKCmd                            0x08002d2b   Thumb Code     8  stm32f10x_rcc.o(.text)
    RCC_GetClocksFreq                        0x08002d33   Thumb Code   192  stm32f10x_rcc.o(.text)
    RCC_AHBPeriphClockCmd                    0x08002df3   Thumb Code    26  stm32f10x_rcc.o(.text)
    RCC_APB2PeriphClockCmd                   0x08002e0d   Thumb Code    26  stm32f10x_rcc.o(.text)
    RCC_APB1PeriphClockCmd                   0x08002e27   Thumb Code    26  stm32f10x_rcc.o(.text)
    RCC_APB2PeriphResetCmd                   0x08002e41   Thumb Code    26  stm32f10x_rcc.o(.text)
    RCC_APB1PeriphResetCmd                   0x08002e5b   Thumb Code    26  stm32f10x_rcc.o(.text)
    RCC_BackupResetCmd                       0x08002e75   Thumb Code     8  stm32f10x_rcc.o(.text)
    RCC_ClockSecuritySystemCmd               0x08002e7d   Thumb Code     6  stm32f10x_rcc.o(.text)
    RCC_MCOConfig                            0x08002e83   Thumb Code     6  stm32f10x_rcc.o(.text)
    RCC_ClearFlag                            0x08002e89   Thumb Code    14  stm32f10x_rcc.o(.text)
    RCC_GetITStatus                          0x08002e97   Thumb Code    20  stm32f10x_rcc.o(.text)
    RCC_ClearITPendingBit                    0x08002eab   Thumb Code     6  stm32f10x_rcc.o(.text)
    USART_DeInit                             0x08002ed5   Thumb Code   134  stm32f10x_usart.o(.text)
    USART_Init                               0x08002f5b   Thumb Code   210  stm32f10x_usart.o(.text)
    USART_StructInit                         0x0800302d   Thumb Code    24  stm32f10x_usart.o(.text)
    USART_ClockInit                          0x08003045   Thumb Code    34  stm32f10x_usart.o(.text)
    USART_ClockStructInit                    0x08003067   Thumb Code    12  stm32f10x_usart.o(.text)
    USART_Cmd                                0x08003073   Thumb Code    24  stm32f10x_usart.o(.text)
    USART_ITConfig                           0x0800308b   Thumb Code    74  stm32f10x_usart.o(.text)
    USART_DMACmd                             0x080030d5   Thumb Code    18  stm32f10x_usart.o(.text)
    USART_SetAddress                         0x080030e7   Thumb Code    18  stm32f10x_usart.o(.text)
    USART_WakeUpConfig                       0x080030f9   Thumb Code    18  stm32f10x_usart.o(.text)
    USART_ReceiverWakeUpCmd                  0x0800310b   Thumb Code    24  stm32f10x_usart.o(.text)
    USART_LINBreakDetectLengthConfig         0x08003123   Thumb Code    18  stm32f10x_usart.o(.text)
    USART_LINCmd                             0x08003135   Thumb Code    24  stm32f10x_usart.o(.text)
    USART_SendData                           0x0800314d   Thumb Code     8  stm32f10x_usart.o(.text)
    USART_ReceiveData                        0x08003155   Thumb Code    10  stm32f10x_usart.o(.text)
    USART_SendBreak                          0x0800315f   Thumb Code    10  stm32f10x_usart.o(.text)
    USART_SetGuardTime                       0x08003169   Thumb Code    16  stm32f10x_usart.o(.text)
    USART_SetPrescaler                       0x08003179   Thumb Code    16  stm32f10x_usart.o(.text)
    USART_SmartCardCmd                       0x08003189   Thumb Code    24  stm32f10x_usart.o(.text)
    USART_SmartCardNACKCmd                   0x080031a1   Thumb Code    24  stm32f10x_usart.o(.text)
    USART_HalfDuplexCmd                      0x080031b9   Thumb Code    24  stm32f10x_usart.o(.text)
    USART_OverSampling8Cmd                   0x080031d1   Thumb Code    22  stm32f10x_usart.o(.text)
    USART_OneBitMethodCmd                    0x080031e7   Thumb Code    24  stm32f10x_usart.o(.text)
    USART_IrDAConfig                         0x080031ff   Thumb Code    18  stm32f10x_usart.o(.text)
    USART_IrDACmd                            0x08003211   Thumb Code    24  stm32f10x_usart.o(.text)
    USART_GetFlagStatus                      0x08003229   Thumb Code    26  stm32f10x_usart.o(.text)
    USART_ClearFlag                          0x08003243   Thumb Code    18  stm32f10x_usart.o(.text)
    USART_GetITStatus                        0x08003255   Thumb Code    84  stm32f10x_usart.o(.text)
    USART_ClearITPendingBit                  0x080032a9   Thumb Code    52  stm32f10x_usart.o(.text)
    EXTI_DeInit                              0x080032dd   Thumb Code    28  stm32f10x_exti.o(.text)
    EXTI_Init                                0x080032f9   Thumb Code   142  stm32f10x_exti.o(.text)
    EXTI_StructInit                          0x08003387   Thumb Code    16  stm32f10x_exti.o(.text)
    EXTI_GenerateSWInterrupt                 0x08003397   Thumb Code    16  stm32f10x_exti.o(.text)
    EXTI_GetFlagStatus                       0x080033a7   Thumb Code    22  stm32f10x_exti.o(.text)
    EXTI_ClearFlag                           0x080033bd   Thumb Code     8  stm32f10x_exti.o(.text)
    EXTI_GetITStatus                         0x080033c5   Thumb Code    34  stm32f10x_exti.o(.text)
    EXTI_ClearITPendingBit                   0x080033e7   Thumb Code     8  stm32f10x_exti.o(.text)
    TIM_DeInit                               0x080033f9   Thumb Code   424  stm32f10x_tim.o(.text)
    TIM_TimeBaseInit                         0x080035a1   Thumb Code   122  stm32f10x_tim.o(.text)
    TIM_OC1Init                              0x0800361b   Thumb Code   132  stm32f10x_tim.o(.text)
    TIM_OC2Init                              0x0800369f   Thumb Code   154  stm32f10x_tim.o(.text)
    TIM_OC3Init                              0x08003739   Thumb Code   150  stm32f10x_tim.o(.text)
    TIM_OC4Init                              0x080037cf   Thumb Code   182  stm32f10x_tim.o(.text)
    TIM_SetIC4Prescaler                      0x08003885   Thumb Code    26  stm32f10x_tim.o(.text)
    TIM_SetIC3Prescaler                      0x08003921   Thumb Code    18  stm32f10x_tim.o(.text)
    TIM_SetIC2Prescaler                      0x080039ad   Thumb Code    26  stm32f10x_tim.o(.text)
    TIM_SetIC1Prescaler                      0x08003a49   Thumb Code    18  stm32f10x_tim.o(.text)
    TIM_ICInit                               0x08003ac7   Thumb Code   150  stm32f10x_tim.o(.text)
    TIM_PWMIConfig                           0x08003b5d   Thumb Code   124  stm32f10x_tim.o(.text)
    TIM_BDTRConfig                           0x08003bd9   Thumb Code    32  stm32f10x_tim.o(.text)
    TIM_TimeBaseStructInit                   0x08003bf9   Thumb Code    18  stm32f10x_tim.o(.text)
    TIM_OCStructInit                         0x08003c0b   Thumb Code    20  stm32f10x_tim.o(.text)
    TIM_ICStructInit                         0x08003c1f   Thumb Code    18  stm32f10x_tim.o(.text)
    TIM_BDTRStructInit                       0x08003c31   Thumb Code    40  stm32f10x_tim.o(.text)
    TIM_Cmd                                  0x08003c59   Thumb Code    24  stm32f10x_tim.o(.text)
    TIM_CtrlPWMOutputs                       0x08003c71   Thumb Code    30  stm32f10x_tim.o(.text)
    TIM_ITConfig                             0x08003c8f   Thumb Code    18  stm32f10x_tim.o(.text)
    TIM_GenerateEvent                        0x08003ca1   Thumb Code     4  stm32f10x_tim.o(.text)
    TIM_DMAConfig                            0x08003ca5   Thumb Code    10  stm32f10x_tim.o(.text)
    TIM_DMACmd                               0x08003caf   Thumb Code    18  stm32f10x_tim.o(.text)
    TIM_InternalClockConfig                  0x08003cc1   Thumb Code    12  stm32f10x_tim.o(.text)
    TIM_SelectInputTrigger                   0x08003ccd   Thumb Code    18  stm32f10x_tim.o(.text)
    TIM_ITRxExternalClockConfig              0x08003cdf   Thumb Code    24  stm32f10x_tim.o(.text)
    TIM_TIxExternalClockConfig               0x08003cf7   Thumb Code    62  stm32f10x_tim.o(.text)
    TIM_ETRConfig                            0x08003d35   Thumb Code    28  stm32f10x_tim.o(.text)
    TIM_ETRClockMode1Config                  0x08003d51   Thumb Code    54  stm32f10x_tim.o(.text)
    TIM_ETRClockMode2Config                  0x08003d87   Thumb Code    32  stm32f10x_tim.o(.text)
    TIM_PrescalerConfig                      0x08003da7   Thumb Code     6  stm32f10x_tim.o(.text)
    TIM_CounterModeConfig                    0x08003dad   Thumb Code    18  stm32f10x_tim.o(.text)
    TIM_EncoderInterfaceConfig               0x08003dbf   Thumb Code    66  stm32f10x_tim.o(.text)
    TIM_ForcedOC1Config                      0x08003e01   Thumb Code    18  stm32f10x_tim.o(.text)
    TIM_ForcedOC2Config                      0x08003e13   Thumb Code    26  stm32f10x_tim.o(.text)
    TIM_ForcedOC3Config                      0x08003e2d   Thumb Code    18  stm32f10x_tim.o(.text)
    TIM_ForcedOC4Config                      0x08003e3f   Thumb Code    26  stm32f10x_tim.o(.text)
    TIM_ARRPreloadConfig                     0x08003e59   Thumb Code    24  stm32f10x_tim.o(.text)
    TIM_SelectCOM                            0x08003e71   Thumb Code    24  stm32f10x_tim.o(.text)
    TIM_SelectCCDMA                          0x08003e89   Thumb Code    24  stm32f10x_tim.o(.text)
    TIM_CCPreloadControl                     0x08003ea1   Thumb Code    24  stm32f10x_tim.o(.text)
    TIM_OC1PreloadConfig                     0x08003eb9   Thumb Code    18  stm32f10x_tim.o(.text)
    TIM_OC2PreloadConfig                     0x08003ecb   Thumb Code    26  stm32f10x_tim.o(.text)
    TIM_OC3PreloadConfig                     0x08003ee5   Thumb Code    18  stm32f10x_tim.o(.text)
    TIM_OC4PreloadConfig                     0x08003ef7   Thumb Code    26  stm32f10x_tim.o(.text)
    TIM_OC1FastConfig                        0x08003f11   Thumb Code    18  stm32f10x_tim.o(.text)
    TIM_OC2FastConfig                        0x08003f23   Thumb Code    26  stm32f10x_tim.o(.text)
    TIM_OC3FastConfig                        0x08003f3d   Thumb Code    18  stm32f10x_tim.o(.text)
    TIM_OC4FastConfig                        0x08003f4f   Thumb Code    26  stm32f10x_tim.o(.text)
    TIM_ClearOC1Ref                          0x08003f69   Thumb Code    18  stm32f10x_tim.o(.text)
    TIM_ClearOC2Ref                          0x08003f7b   Thumb Code    24  stm32f10x_tim.o(.text)
    TIM_ClearOC3Ref                          0x08003f93   Thumb Code    18  stm32f10x_tim.o(.text)
    TIM_ClearOC4Ref                          0x08003fa5   Thumb Code    24  stm32f10x_tim.o(.text)
    TIM_OC1PolarityConfig                    0x08003fbd   Thumb Code    18  stm32f10x_tim.o(.text)
    TIM_OC1NPolarityConfig                   0x08003fcf   Thumb Code    18  stm32f10x_tim.o(.text)
    TIM_OC2PolarityConfig                    0x08003fe1   Thumb Code    26  stm32f10x_tim.o(.text)
    TIM_OC2NPolarityConfig                   0x08003ffb   Thumb Code    26  stm32f10x_tim.o(.text)
    TIM_OC3PolarityConfig                    0x08004015   Thumb Code    26  stm32f10x_tim.o(.text)
    TIM_OC3NPolarityConfig                   0x0800402f   Thumb Code    26  stm32f10x_tim.o(.text)
    TIM_OC4PolarityConfig                    0x08004049   Thumb Code    26  stm32f10x_tim.o(.text)
    TIM_CCxCmd                               0x08004063   Thumb Code    30  stm32f10x_tim.o(.text)
    TIM_CCxNCmd                              0x08004081   Thumb Code    30  stm32f10x_tim.o(.text)
    TIM_SelectOCxM                           0x0800409f   Thumb Code    82  stm32f10x_tim.o(.text)
    TIM_UpdateDisableConfig                  0x080040f1   Thumb Code    24  stm32f10x_tim.o(.text)
    TIM_UpdateRequestConfig                  0x08004109   Thumb Code    24  stm32f10x_tim.o(.text)
    TIM_SelectHallSensor                     0x08004121   Thumb Code    24  stm32f10x_tim.o(.text)
    TIM_SelectOnePulseMode                   0x08004139   Thumb Code    18  stm32f10x_tim.o(.text)
    TIM_SelectOutputTrigger                  0x0800414b   Thumb Code    18  stm32f10x_tim.o(.text)
    TIM_SelectSlaveMode                      0x0800415d   Thumb Code    18  stm32f10x_tim.o(.text)
    TIM_SelectMasterSlaveMode                0x0800416f   Thumb Code    18  stm32f10x_tim.o(.text)
    TIM_SetCounter                           0x08004181   Thumb Code     4  stm32f10x_tim.o(.text)
    TIM_SetAutoreload                        0x08004185   Thumb Code     4  stm32f10x_tim.o(.text)
    TIM_SetCompare1                          0x08004189   Thumb Code     4  stm32f10x_tim.o(.text)
    TIM_SetCompare2                          0x0800418d   Thumb Code     4  stm32f10x_tim.o(.text)
    TIM_SetCompare3                          0x08004191   Thumb Code     4  stm32f10x_tim.o(.text)
    TIM_SetCompare4                          0x08004195   Thumb Code     6  stm32f10x_tim.o(.text)
    TIM_SetClockDivision                     0x0800419b   Thumb Code    18  stm32f10x_tim.o(.text)
    TIM_GetCapture1                          0x080041ad   Thumb Code     6  stm32f10x_tim.o(.text)
    TIM_GetCapture2                          0x080041b3   Thumb Code     6  stm32f10x_tim.o(.text)
    TIM_GetCapture3                          0x080041b9   Thumb Code     6  stm32f10x_tim.o(.text)
    TIM_GetCapture4                          0x080041bf   Thumb Code     8  stm32f10x_tim.o(.text)
    TIM_GetCounter                           0x080041c7   Thumb Code     6  stm32f10x_tim.o(.text)
    TIM_GetPrescaler                         0x080041cd   Thumb Code     6  stm32f10x_tim.o(.text)
    TIM_GetFlagStatus                        0x080041d3   Thumb Code    18  stm32f10x_tim.o(.text)
    TIM_ClearFlag                            0x080041e5   Thumb Code     6  stm32f10x_tim.o(.text)
    TIM_GetITStatus                          0x080041eb   Thumb Code    34  stm32f10x_tim.o(.text)
    TIM_ClearITPendingBit                    0x0800420d   Thumb Code     6  stm32f10x_tim.o(.text)
    BKP_DeInit                               0x08004215   Thumb Code    16  stm32f10x_bkp.o(.text)
    BKP_TamperPinLevelConfig                 0x08004225   Thumb Code     6  stm32f10x_bkp.o(.text)
    BKP_TamperPinCmd                         0x0800422b   Thumb Code     8  stm32f10x_bkp.o(.text)
    BKP_ITConfig                             0x08004233   Thumb Code     8  stm32f10x_bkp.o(.text)
    BKP_RTCOutputConfig                      0x0800423b   Thumb Code    22  stm32f10x_bkp.o(.text)
    BKP_SetRTCCalibrationValue               0x08004251   Thumb Code    22  stm32f10x_bkp.o(.text)
    BKP_WriteBackupRegister                  0x08004267   Thumb Code    24  stm32f10x_bkp.o(.text)
    BKP_ReadBackupRegister                   0x0800427f   Thumb Code    26  stm32f10x_bkp.o(.text)
    BKP_GetFlagStatus                        0x08004299   Thumb Code    10  stm32f10x_bkp.o(.text)
    BKP_ClearFlag                            0x080042a3   Thumb Code    18  stm32f10x_bkp.o(.text)
    BKP_GetITStatus                          0x080042b5   Thumb Code    10  stm32f10x_bkp.o(.text)
    BKP_ClearITPendingBit                    0x080042bf   Thumb Code    18  stm32f10x_bkp.o(.text)
    RTC_ITConfig                             0x080042d9   Thumb Code    26  stm32f10x_rtc.o(.text)
    RTC_EnterConfigMode                      0x080042f3   Thumb Code    18  stm32f10x_rtc.o(.text)
    RTC_ExitConfigMode                       0x08004305   Thumb Code    20  stm32f10x_rtc.o(.text)
    RTC_GetCounter                           0x08004319   Thumb Code    18  stm32f10x_rtc.o(.text)
    RTC_SetCounter                           0x0800432b   Thumb Code    26  stm32f10x_rtc.o(.text)
    RTC_SetPrescaler                         0x08004345   Thumb Code    28  stm32f10x_rtc.o(.text)
    RTC_SetAlarm                             0x08004361   Thumb Code    26  stm32f10x_rtc.o(.text)
    RTC_GetDivider                           0x0800437b   Thumb Code    22  stm32f10x_rtc.o(.text)
    RTC_WaitForLastTask                      0x08004391   Thumb Code    18  stm32f10x_rtc.o(.text)
    RTC_WaitForSynchro                       0x080043a3   Thumb Code    36  stm32f10x_rtc.o(.text)
    RTC_GetFlagStatus                        0x080043c7   Thumb Code    22  stm32f10x_rtc.o(.text)
    RTC_ClearFlag                            0x080043dd   Thumb Code    16  stm32f10x_rtc.o(.text)
    RTC_GetITStatus                          0x080043ed   Thumb Code    32  stm32f10x_rtc.o(.text)
    RTC_ClearITPendingBit                    0x0800440d   Thumb Code    16  stm32f10x_rtc.o(.text)
    PWR_DeInit                               0x08004421   Thumb Code    22  stm32f10x_pwr.o(.text)
    PWR_BackupAccessCmd                      0x08004437   Thumb Code     6  stm32f10x_pwr.o(.text)
    PWR_PVDCmd                               0x0800443d   Thumb Code     6  stm32f10x_pwr.o(.text)
    PWR_PVDLevelConfig                       0x08004443   Thumb Code    18  stm32f10x_pwr.o(.text)
    PWR_WakeUpPinCmd                         0x08004455   Thumb Code     8  stm32f10x_pwr.o(.text)
    PWR_EnterSTOPMode                        0x0800445d   Thumb Code    54  stm32f10x_pwr.o(.text)
    PWR_EnterSTANDBYMode                     0x08004493   Thumb Code    42  stm32f10x_pwr.o(.text)
    PWR_GetFlagStatus                        0x080044bd   Thumb Code    20  stm32f10x_pwr.o(.text)
    PWR_ClearFlag                            0x080044d1   Thumb Code    14  stm32f10x_pwr.o(.text)
    __aeabi_memcpy                           0x080044ed   Thumb Code    36  memcpya.o(.text)
    __aeabi_memcpy4                          0x080044ed   Thumb Code     0  memcpya.o(.text)
    __aeabi_memcpy8                          0x080044ed   Thumb Code     0  memcpya.o(.text)
    __aeabi_memset                           0x08004511   Thumb Code    14  memseta.o(.text)
    __aeabi_memset4                          0x08004511   Thumb Code     0  memseta.o(.text)
    __aeabi_memset8                          0x08004511   Thumb Code     0  memseta.o(.text)
    __aeabi_memclr                           0x0800451f   Thumb Code     4  memseta.o(.text)
    __aeabi_memclr4                          0x0800451f   Thumb Code     0  memseta.o(.text)
    __aeabi_memclr8                          0x0800451f   Thumb Code     0  memseta.o(.text)
    _memset$wrapper                          0x08004523   Thumb Code    18  memseta.o(.text)
    strstr                                   0x08004535   Thumb Code    36  strstr.o(.text)
    strchr                                   0x08004559   Thumb Code    20  strchr.o(.text)
    strlen                                   0x0800456d   Thumb Code    14  strlen.o(.text)
    strcmp                                   0x0800457b   Thumb Code    28  strcmp.o(.text)
    memcmp                                   0x08004597   Thumb Code    26  memcmp.o(.text)
    __aeabi_uidiv                            0x080045b1   Thumb Code     0  uidiv.o(.text)
    __aeabi_uidivmod                         0x080045b1   Thumb Code    44  uidiv.o(.text)
    __aeabi_uldivmod                         0x080045dd   Thumb Code    98  uldiv.o(.text)
    __I$use$fp                               0x0800463f   Thumb Code     0  iusefp.o(.text)
    __aeabi_dadd                             0x0800463f   Thumb Code   322  dadd.o(.text)
    __aeabi_dsub                             0x08004781   Thumb Code     6  dadd.o(.text)
    __aeabi_drsub                            0x08004787   Thumb Code     6  dadd.o(.text)
    __aeabi_dmul                             0x0800478d   Thumb Code   228  dmul.o(.text)
    __aeabi_ddiv                             0x08004871   Thumb Code   222  ddiv.o(.text)
    __aeabi_d2ulz                            0x0800494f   Thumb Code    48  dfixul.o(.text)
    __aeabi_cdrcmple                         0x08004981   Thumb Code    48  cdrcmple.o(.text)
    __scatterload                            0x080049b1   Thumb Code    28  init.o(.text)
    __scatterload_rt2                        0x080049b1   Thumb Code     0  init.o(.text)
    __aeabi_llsl                             0x080049d5   Thumb Code    30  llshl.o(.text)
    _ll_shift_l                              0x080049d5   Thumb Code     0  llshl.o(.text)
    __aeabi_llsr                             0x080049f3   Thumb Code    32  llushr.o(.text)
    _ll_ushift_r                             0x080049f3   Thumb Code     0  llushr.o(.text)
    __aeabi_lasr                             0x08004a13   Thumb Code    36  llsshr.o(.text)
    _ll_sshift_r                             0x08004a13   Thumb Code     0  llsshr.o(.text)
    _double_round                            0x08004a37   Thumb Code    30  depilogue.o(.text)
    _double_epilogue                         0x08004a55   Thumb Code   156  depilogue.o(.text)
    __0printf$8                              0x08004af1   Thumb Code    22  printf8.o(i.__0printf$8)
    __1printf$8                              0x08004af1   Thumb Code     0  printf8.o(i.__0printf$8)
    __2printf                                0x08004af1   Thumb Code     0  printf8.o(i.__0printf$8)
    __0sprintf$8                             0x08004b11   Thumb Code    34  printf8.o(i.__0sprintf$8)
    __1sprintf$8                             0x08004b11   Thumb Code     0  printf8.o(i.__0sprintf$8)
    __2sprintf                               0x08004b11   Thumb Code     0  printf8.o(i.__0sprintf$8)
    __0vsnprintf                             0x08004b39   Thumb Code    40  printfa.o(i.__0vsnprintf)
    __1vsnprintf                             0x08004b39   Thumb Code     0  printfa.o(i.__0vsnprintf)
    __2vsnprintf                             0x08004b39   Thumb Code     0  printfa.o(i.__0vsnprintf)
    __c89vsnprintf                           0x08004b39   Thumb Code     0  printfa.o(i.__0vsnprintf)
    vsnprintf                                0x08004b39   Thumb Code     0  printfa.o(i.__0vsnprintf)
    __0vsprintf                              0x08004b65   Thumb Code    30  printfa.o(i.__0vsprintf)
    __1vsprintf                              0x08004b65   Thumb Code     0  printfa.o(i.__0vsprintf)
    __2vsprintf                              0x08004b65   Thumb Code     0  printfa.o(i.__0vsprintf)
    __c89vsprintf                            0x08004b65   Thumb Code     0  printfa.o(i.__0vsprintf)
    vsprintf                                 0x08004b65   Thumb Code     0  printfa.o(i.__0vsprintf)
    __scatterload_copy                       0x08004b89   Thumb Code    14  handlers.o(i.__scatterload_copy)
    __scatterload_null                       0x08004b97   Thumb Code     2  handlers.o(i.__scatterload_null)
    __scatterload_zeroinit                   0x08004b99   Thumb Code    14  handlers.o(i.__scatterload_zeroinit)
    table_week                               0x080059e8   Data          12  rtc.o(.constdata)
    mon_table                                0x080059f4   Data          12  rtc.o(.constdata)
    Region$$Table$$Base                      0x08005b50   Number         0  anon$$obj.o(Region$$Table)
    Region$$Table$$Limit                     0x08005b70   Number         0  anon$$obj.o(Region$$Table)
    devSubtopic                              0x20000000   Data           4  main.o(.data)
    devSubtopic_2                            0x20000004   Data           4  main.o(.data)
    devPubtopic                              0x20000008   Data           4  main.o(.data)
    devPubtopic_2                            0x2000000c   Data           4  main.o(.data)
    status                                   0x20000010   Data           4  main.o(.data)
    SystemCoreClock                          0x20000014   Data           4  system_stm32f10x.o(.data)
    AHBPrescTable                            0x20000018   Data          16  system_stm32f10x.o(.data)
    tempr                                    0x20000028   Data           4  fun.o(.data)
    hum                                      0x2000002c   Data           4  fun.o(.data)
    id                                       0x20000030   Data           4  fun.o(.data)
    set_th                                   0x2000003c   Data           4  fun.o(.data)
    volume                                   0x20000040   Data           4  key.o(.data)
    Temp                                     0x20000046   Data           1  usart3.o(.data)
    USART3_RX_STA                            0x20000048   Data           2  usart3.o(.data)
    Lora_mode                                0x2000004c   Data           1  lora.o(.data)
    EXTI_InitStructure                       0x20000050   Data           8  lora.o(.data)
    NVIC_InitStructure                       0x20000058   Data           4  lora.o(.data)
    USART2_RX_STA                            0x2000005c   Data           2  usart2.o(.data)
    esp8266_cnt                              0x2000005e   Data           2  esp8266.o(.data)
    esp8266_cntPre                           0x20000060   Data           2  esp8266.o(.data)
    volue                                    0x20000062   Data           1  lf125k.o(.data)
    tap                                      0x20000063   Data           1  lf125k.o(.data)
    data_tap                                 0x20000064   Data           6  lf125k.o(.data)
    __stdout                                 0x20000070   Data           4  usart.o(.data)
    USART_RX_STA                             0x20000074   Data           2  usart.o(.data)
    jiffies                                  0x20000078   Data           4  systick.o(.data)
    machine                                  0x20000090   Data         255  fun.o(.bss)
    timereq                                  0x2000018f   Data          20  fun.o(.bss)
    USART3_RX_BUF                            0x200001a4   Data        1024  usart3.o(.bss)
    USART3_TX_BUF                            0x200005a4   Data         600  usart3.o(.bss)
    USART_InitStructure                      0x200007fc   Data          16  usart3.o(.bss)
    USART2_RX_BUF                            0x2000080c   Data        1024  usart2.o(.bss)
    USART2_TX_BUF                            0x20000c0c   Data         600  usart2.o(.bss)
    USART2_InitStructure                     0x20000e64   Data          16  usart2.o(.bss)
    esp8266_buf                              0x20000e74   Data         200  esp8266.o(.bss)
    calendar                                 0x20000fa0   Data          10  rtc.o(.bss)
    USART_RX_BUF                             0x20000faa   Data         200  usart.o(.bss)
    __initial_sp                             0x20001478   Data           0  startup_stm32f10x_hd.o(STACK)



==============================================================================

Memory Map of the image

  Image Entry point : 0x08000131

  Load Region LR_IROM1 (Base: 0x08000000, Size: 0x00005c00, Max: 0x00080000, ABSOLUTE)

    Execution Region ER_IROM1 (Exec base: 0x08000000, Load base: 0x08000000, Size: 0x00005b70, Max: 0x00080000, ABSOLUTE)

    Exec Addr    Load Addr    Size         Type   Attr      Idx    E Section Name        Object

    0x08000000   0x08000000   0x00000130   Data   RO          541    RESET               startup_stm32f10x_hd.o
    0x08000130   0x08000130   0x00000000   Code   RO          656  * .ARM.Collect$$$$00000000  mc_w.l(entry.o)
    0x08000130   0x08000130   0x00000004   Code   RO          936    .ARM.Collect$$$$00000001  mc_w.l(entry2.o)
    0x08000134   0x08000134   0x00000004   Code   RO          939    .ARM.Collect$$$$00000004  mc_w.l(entry5.o)
    0x08000138   0x08000138   0x00000000   Code   RO          941    .ARM.Collect$$$$00000008  mc_w.l(entry7b.o)
    0x08000138   0x08000138   0x00000000   Code   RO          943    .ARM.Collect$$$$0000000A  mc_w.l(entry8b.o)
    0x08000138   0x08000138   0x00000008   Code   RO          944    .ARM.Collect$$$$0000000B  mc_w.l(entry9a.o)
    0x08000140   0x08000140   0x00000000   Code   RO          946    .ARM.Collect$$$$0000000D  mc_w.l(entry10a.o)
    0x08000140   0x08000140   0x00000000   Code   RO          948    .ARM.Collect$$$$0000000F  mc_w.l(entry11a.o)
    0x08000140   0x08000140   0x00000004   Code   RO          937    .ARM.Collect$$$$00002712  mc_w.l(entry2.o)
    0x08000144   0x08000144   0x000000f4   Code   RO            1    .text               main.o
    0x08000238   0x08000238   0x00000018   Code   RO          164    .text               stm32f10x_it.o
    0x08000250   0x08000250   0x000001e0   Code   RO          205    .text               system_stm32f10x.o
    0x08000430   0x08000430   0x00000498   Code   RO          223    .text               fun.o
    0x080008c8   0x080008c8   0x0000004c   Code   RO          255    .text               led.o
    0x08000914   0x08000914   0x0000029c   Code   RO          267    .text               key.o
    0x08000bb0   0x08000bb0   0x00000038   Code   RO          292    .text               beep.o
    0x08000be8   0x08000be8   0x00000128   Code   RO          304    .text               exti.o
    0x08000d10   0x08000d10   0x00000154   Code   RO          319    .text               timer.o
    0x08000e64   0x08000e64   0x000001ac   Code   RO          335    .text               usart3.o
    0x08001010   0x08001010   0x000000cc   Code   RO          362    .text               lora.o
    0x080010dc   0x080010dc   0x00000124   Code   RO          383    .text               usart2.o
    0x08001200   0x08001200   0x00000588   Code   RO          402    .text               esp8266.o
    0x08001788   0x08001788   0x00000750   Code   RO          422    .text               lf125k.o
    0x08001ed8   0x08001ed8   0x00000478   Code   RO          437    .text               rtc.o
    0x08002350   0x08002350   0x000000ec   Code   RO          457    .text               delay.o
    0x0800243c   0x0800243c   0x000001f8   Code   RO          488    .text               usart.o
    0x08002634   0x08002634   0x000000a0   Code   RO          511    .text               systick.o
    0x080026d4   0x080026d4   0x00000024   Code   RO          542    .text               startup_stm32f10x_hd.o
    0x080026f8   0x080026f8   0x000000dc   Code   RO          546    .text               misc.o
    0x080027d4   0x080027d4   0x0000035c   Code   RO          558    .text               stm32f10x_gpio.o
    0x08002b30   0x08002b30   0x000003a4   Code   RO          570    .text               stm32f10x_rcc.o
    0x08002ed4   0x08002ed4   0x00000408   Code   RO          584    .text               stm32f10x_usart.o
    0x080032dc   0x080032dc   0x0000011c   Code   RO          596    .text               stm32f10x_exti.o
    0x080033f8   0x080033f8   0x00000e1a   Code   RO          608    .text               stm32f10x_tim.o
    0x08004212   0x08004212   0x00000002   PAD
    0x08004214   0x08004214   0x000000c4   Code   RO          620    .text               stm32f10x_bkp.o
    0x080042d8   0x080042d8   0x00000148   Code   RO          632    .text               stm32f10x_rtc.o
    0x08004420   0x08004420   0x000000cc   Code   RO          644    .text               stm32f10x_pwr.o
    0x080044ec   0x080044ec   0x00000024   Code   RO          659    .text               mc_w.l(memcpya.o)
    0x08004510   0x08004510   0x00000024   Code   RO          661    .text               mc_w.l(memseta.o)
    0x08004534   0x08004534   0x00000024   Code   RO          663    .text               mc_w.l(strstr.o)
    0x08004558   0x08004558   0x00000014   Code   RO          665    .text               mc_w.l(strchr.o)
    0x0800456c   0x0800456c   0x0000000e   Code   RO          667    .text               mc_w.l(strlen.o)
    0x0800457a   0x0800457a   0x0000001c   Code   RO          669    .text               mc_w.l(strcmp.o)
    0x08004596   0x08004596   0x0000001a   Code   RO          671    .text               mc_w.l(memcmp.o)
    0x080045b0   0x080045b0   0x0000002c   Code   RO          950    .text               mc_w.l(uidiv.o)
    0x080045dc   0x080045dc   0x00000062   Code   RO          952    .text               mc_w.l(uldiv.o)
    0x0800463e   0x0800463e   0x00000000   Code   RO          954    .text               mc_w.l(iusefp.o)
    0x0800463e   0x0800463e   0x0000014e   Code   RO          955    .text               mf_w.l(dadd.o)
    0x0800478c   0x0800478c   0x000000e4   Code   RO          957    .text               mf_w.l(dmul.o)
    0x08004870   0x08004870   0x000000de   Code   RO          959    .text               mf_w.l(ddiv.o)
    0x0800494e   0x0800494e   0x00000030   Code   RO          961    .text               mf_w.l(dfixul.o)
    0x0800497e   0x0800497e   0x00000002   PAD
    0x08004980   0x08004980   0x00000030   Code   RO          963    .text               mf_w.l(cdrcmple.o)
    0x080049b0   0x080049b0   0x00000024   Code   RO          965    .text               mc_w.l(init.o)
    0x080049d4   0x080049d4   0x0000001e   Code   RO          967    .text               mc_w.l(llshl.o)
    0x080049f2   0x080049f2   0x00000020   Code   RO          969    .text               mc_w.l(llushr.o)
    0x08004a12   0x08004a12   0x00000024   Code   RO          971    .text               mc_w.l(llsshr.o)
    0x08004a36   0x08004a36   0x000000ba   Code   RO          973    .text               mf_w.l(depilogue.o)
    0x08004af0   0x08004af0   0x00000020   Code   RO          882    i.__0printf$8       mc_w.l(printf8.o)
    0x08004b10   0x08004b10   0x00000028   Code   RO          884    i.__0sprintf$8      mc_w.l(printf8.o)
    0x08004b38   0x08004b38   0x0000002c   Code   RO          913    i.__0vsnprintf      mc_w.l(printfa.o)
    0x08004b64   0x08004b64   0x00000024   Code   RO          914    i.__0vsprintf       mc_w.l(printfa.o)
    0x08004b88   0x08004b88   0x0000000e   Code   RO          977    i.__scatterload_copy  mc_w.l(handlers.o)
    0x08004b96   0x08004b96   0x00000002   Code   RO          978    i.__scatterload_null  mc_w.l(handlers.o)
    0x08004b98   0x08004b98   0x0000000e   Code   RO          979    i.__scatterload_zeroinit  mc_w.l(handlers.o)
    0x08004ba6   0x08004ba6   0x00000002   PAD
    0x08004ba8   0x08004ba8   0x00000184   Code   RO          915    i._fp_digits        mc_w.l(printfa.o)
    0x08004d2c   0x08004d2c   0x00000410   Code   RO          889    i._printf_core      mc_w.l(printf8.o)
    0x0800513c   0x0800513c   0x000006dc   Code   RO          916    i._printf_core      mc_w.l(printfa.o)
    0x08005818   0x08005818   0x00000024   Code   RO          890    i._printf_post_padding  mc_w.l(printf8.o)
    0x0800583c   0x0800583c   0x00000024   Code   RO          917    i._printf_post_padding  mc_w.l(printfa.o)
    0x08005860   0x08005860   0x0000002e   Code   RO          891    i._printf_pre_padding  mc_w.l(printf8.o)
    0x0800588e   0x0800588e   0x0000002e   Code   RO          918    i._printf_pre_padding  mc_w.l(printfa.o)
    0x080058bc   0x080058bc   0x00000016   Code   RO          919    i._snputc           mc_w.l(printfa.o)
    0x080058d2   0x080058d2   0x0000000a   Code   RO          893    i._sputc            mc_w.l(printf8.o)
    0x080058dc   0x080058dc   0x0000000a   Code   RO          920    i._sputc            mc_w.l(printfa.o)
    0x080058e6   0x080058e6   0x00000002   PAD
    0x080058e8   0x080058e8   0x00000100   Data   RO          364    .constdata          lora.o
    0x080059e8   0x080059e8   0x00000018   Data   RO          439    .constdata          rtc.o
    0x08005a00   0x08005a00   0x00000023   Data   RO            2    .conststring        main.o
    0x08005a23   0x08005a23   0x00000001   PAD
    0x08005a24   0x08005a24   0x00000072   Data   RO          225    .conststring        fun.o
    0x08005a96   0x08005a96   0x00000002   PAD
    0x08005a98   0x08005a98   0x000000b6   Data   RO          268    .conststring        key.o
    0x08005b4e   0x08005b4e   0x00000002   PAD
    0x08005b50   0x08005b50   0x00000020   Data   RO          975    Region$$Table       anon$$obj.o


    Execution Region RW_IRAM1 (Exec base: 0x20000000, Load base: 0x08005b70, Size: 0x00001478, Max: 0x00010000, ABSOLUTE)

    Exec Addr    Load Addr    Size         Type   Attr      Idx    E Section Name        Object

    0x20000000   0x08005b70   0x00000014   Data   RW            3    .data               main.o
    0x20000014   0x08005b84   0x00000014   Data   RW          206    .data               system_stm32f10x.o
    0x20000028   0x08005b98   0x00000018   Data   RW          226    .data               fun.o
    0x20000040   0x08005bb0   0x00000005   Data   RW          269    .data               key.o
    0x20000045   0x08005bb5   0x00000001   PAD
    0x20000046   0x08005bb6   0x00000004   Data   RW          337    .data               usart3.o
    0x2000004a   0x08005bba   0x00000002   PAD
    0x2000004c   0x08005bbc   0x00000010   Data   RW          365    .data               lora.o
    0x2000005c   0x08005bcc   0x00000002   Data   RW          385    .data               usart2.o
    0x2000005e   0x08005bce   0x00000004   Data   RW          404    .data               esp8266.o
    0x20000062   0x08005bd2   0x00000008   Data   RW          423    .data               lf125k.o
    0x2000006a   0x08005bda   0x00000002   Data   RW          440    .data               rtc.o
    0x2000006c   0x08005bdc   0x00000004   Data   RW          458    .data               delay.o
    0x20000070   0x08005be0   0x00000006   Data   RW          490    .data               usart.o
    0x20000076   0x08005be6   0x00000002   PAD
    0x20000078   0x08005be8   0x00000004   Data   RW          512    .data               systick.o
    0x2000007c   0x08005bec   0x00000014   Data   RW          571    .data               stm32f10x_rcc.o
    0x20000090        -       0x00000113   Zero   RW          224    .bss                fun.o
    0x200001a3   0x08005c00   0x00000001   PAD
    0x200001a4        -       0x00000668   Zero   RW          336    .bss                usart3.o
    0x2000080c        -       0x00000668   Zero   RW          384    .bss                usart2.o
    0x20000e74        -       0x0000012c   Zero   RW          403    .bss                esp8266.o
    0x20000fa0        -       0x0000000a   Zero   RW          438    .bss                rtc.o
    0x20000faa        -       0x000000c8   Zero   RW          489    .bss                usart.o
    0x20001072   0x08005c00   0x00000006   PAD
    0x20001078        -       0x00000400   Zero   RW          539    STACK               startup_stm32f10x_hd.o


==============================================================================

Image component sizes


      Code (inc. data)   RO Data    RW Data    ZI Data      Debug   Object Name

        56          6          0          0          0        472   beep.o
       236         18          0          4          0       1178   delay.o
      1416        492          0          4        300       4403   esp8266.o
       296         16          0          0          0       1159   exti.o
      1176        296        114         24        275       3043   fun.o
       668        242        182          5          0       1345   key.o
        76          8          0          0          0        479   led.o
      1872        118          0          8          0       8598   lf125k.o
       204         60        256         16          0       1846   lora.o
       244         20         35         20          0     256524   main.o
       220         22          0          0          0       1769   misc.o
      1144         62         24          2         10       4306   rtc.o
        36          8        304          0       1024        776   startup_stm32f10x_hd.o
       196          8          0          0          0       3464   stm32f10x_bkp.o
       284         10          0          0          0       2223   stm32f10x_exti.o
       860         38          0          0          0       5701   stm32f10x_gpio.o
        24          0          0          0          0       1070   stm32f10x_it.o
       204         14          0          0          0       1939   stm32f10x_pwr.o
       932         36          0         20          0       8860   stm32f10x_rcc.o
       328          4          0          0          0       2706   stm32f10x_rtc.o
      3610         88          0          0          0      22808   stm32f10x_tim.o
      1032         22          0          0          0       8424   stm32f10x_usart.o
         0          0          0          0          0         32   sys.o
       480         38          0         20          0       1691   system_stm32f10x.o
       160          6          0          4          0       1985   systick.o
       340         12          0          0          0       1578   timer.o
       504         40          0          6        200       4095   usart.o
       292         20          0          2       1640       1915   usart2.o
       428         32          0          4       1640       2777   usart3.o

    ----------------------------------------------------------------------
     17320       1736        952        144       5096     357166   Object Totals
         0          0         32          0          0          0   (incl. Generated)
         2          0          5          5          7          0   (incl. Padding)

    ----------------------------------------------------------------------

      Code (inc. data)   RO Data    RW Data    ZI Data      Debug   Library Member Name

         0          0          0          0          0          0   entry.o
         0          0          0          0          0          0   entry10a.o
         0          0          0          0          0          0   entry11a.o
         8          4          0          0          0          0   entry2.o
         4          0          0          0          0          0   entry5.o
         0          0          0          0          0          0   entry7b.o
         0          0          0          0          0          0   entry8b.o
         8          4          0          0          0          0   entry9a.o
        30          0          0          0          0          0   handlers.o
        36          8          0          0          0         68   init.o
         0          0          0          0          0          0   iusefp.o
        30          0          0          0          0         68   llshl.o
        36          0          0          0          0         68   llsshr.o
        32          0          0          0          0         68   llushr.o
        26          0          0          0          0         80   memcmp.o
        36          0          0          0          0         68   memcpya.o
        36          0          0          0          0        108   memseta.o
      1204         60          0          0          0        504   printf8.o
      2338         90          0          0          0        664   printfa.o
        20          0          0          0          0         68   strchr.o
        28          0          0          0          0         76   strcmp.o
        14          0          0          0          0         68   strlen.o
        36          0          0          0          0         80   strstr.o
        44          0          0          0          0         80   uidiv.o
        98          0          0          0          0         92   uldiv.o
        48          0          0          0          0         68   cdrcmple.o
       334          0          0          0          0        148   dadd.o
       222          0          0          0          0        100   ddiv.o
       186          0          0          0          0        176   depilogue.o
        48          0          0          0          0         68   dfixul.o
       228          0          0          0          0         96   dmul.o

    ----------------------------------------------------------------------
      5136        166          0          0          0       2816   Library Totals
         6          0          0          0          0          0   (incl. Padding)

    ----------------------------------------------------------------------

      Code (inc. data)   RO Data    RW Data    ZI Data      Debug   Library Name

      4064        166          0          0          0       2160   mc_w.l
      1066          0          0          0          0        656   mf_w.l

    ----------------------------------------------------------------------
      5136        166          0          0          0       2816   Library Totals

    ----------------------------------------------------------------------

==============================================================================


      Code (inc. data)   RO Data    RW Data    ZI Data      Debug   

     22456       1902        952        144       5096     355922   Grand Totals
     22456       1902        952        144       5096     355922   ELF Image Totals
     22456       1902        952        144          0          0   ROM Totals

==============================================================================

    Total RO  Size (Code + RO Data)                23408 (  22.86kB)
    Total RW  Size (RW Data + ZI Data)              5240 (   5.12kB)
    Total ROM Size (Code + RO Data + RW Data)      23552 (  23.00kB)

==============================================================================

